Resolving dependencies...
Downloading packages...
  characters 1.4.0 (1.4.1 available)
  flutter_lints 5.0.0 (6.0.0 available)
  lints 5.1.1 (6.1.0 available)
  matcher 0.12.17 (0.12.19 available)
  material_color_utilities 0.11.1 (0.13.0 available)
  meta 1.16.0 (1.18.1 available)
  path_provider_foundation 2.5.1 (2.6.0 available)
  test_api 0.7.6 (0.7.10 available)
Got dependencies!
8 packages have newer versions incompatible with dependency constraints.
Try `flutter pub outdated` for more information.
00:00 +0: loading C:/Users/SANJEEV KUMAR/Diary/test/widget_test.dart
00:00 +0 -1: loading C:/Users/SANJEEV KUMAR/Diary/Internal [E]
  Failed to load "C:/Users/SANJEEV KUMAR/Diary/Internal": Does not exist.
flutter : lib/main.da
rt:176:43: Error: 
The getter 'context' 
isn't defined for 
the type 
'LandingPage'.
At line:1 char:1
+ flutter test test/w
idget_test.dart > 
test_output.txt 
2>&1Internal; Ge ...
+ ~~~~~~~~~~~~~~~~~~~
~~~~~~~~~~~~~~~~~~~~~
~~~~~~~~~~~~~~~~~~~~~
~~~~
    + CategoryInfo   
           : NotSpe  
  cified: (lib/mai   
 n.dart:1... 'Lan    
dingPage'.:Strin    
g) [], RemoteExc    
eption
    + FullyQualified 
   ErrorId : Native  
  CommandError
 
 - 'LandingPage' is 
from 'package:diary/m
ain.dart' 
('lib/main.dart').
Try correcting the 
name to the name of 
an existing getter, 
or defining a getter 
or field named 
'context'.
            
onPressed: () => Navi
gator.of(context).pus
hNamed(SignInPage.rou
teName),
                     
                     
^^^^^^^
lib/main.dart:252:43:
 Error: The getter 
'context' isn't 
defined for the type 
'LandingPage'.
 - 'LandingPage' is 
from 'package:diary/m
ain.dart' 
('lib/main.dart').
Try correcting the 
name to the name of 
an existing getter, 
or defining a getter 
or field named 
'context'.
            
onPressed: () => Navi
gator.of(context).pus
hNamed(SignUpPage.rou
teName),
                     
                     
^^^^^^^
lib/main.dart:519:45:
 Error: The getter 
'context' isn't 
defined for the type 
'LandingPage'.
 - 'LandingPage' is 
from 'package:diary/m
ain.dart' 
('lib/main.dart').
Try correcting the 
name to the name of 
an existing getter, 
or defining a getter 
or field named 
'context'.
              
onPressed: () => Navi
gator.of(context).pus
hNamed(SignUpPage.rou
teName),
                     
                     
  ^^^^^^^
lib/main.dart:548:45:
 Error: The getter 
'context' isn't 
defined for the type 
'LandingPage'.
 - 'LandingPage' is 
from 'package:diary/m
ain.dart' 
('lib/main.dart').
Try correcting the 
name to the name of 
an existing getter, 
or defining a getter 
or field named 
'context'.
              
onPressed: () => Navi
gator.of(context).pus
hNamed(SignInPage.rou
teName),
                     
                     
  ^^^^^^^
00:00 +0 -2: loading C:/Users/SANJEEV KUMAR/Diary/test/widget_test.dart [E]
  Failed to load "C:/Users/SANJEEV KUMAR/Diary/test/widget_test.dart":
  Compilation failed for testPath=C:/Users/SANJEEV KUMAR/Diary/test/widget_test.dart: lib/main.dart:176:43: Error: The getter 'context' isn't defined for the type 'LandingPage'.
   - 'LandingPage' is from 'package:diary/main.dart' ('lib/main.dart').
  Try correcting the name to the name of an existing getter, or defining a getter or field named 'context'.
              onPressed: () => Navigator.of(context).pushNamed(SignInPage.routeName),
                                            ^^^^^^^
  lib/main.dart:252:43: Error: The getter 'context' isn't defined for the type 'LandingPage'.
   - 'LandingPage' is from 'package:diary/main.dart' ('lib/main.dart').
  Try correcting the name to the name of an existing getter, or defining a getter or field named 'context'.
              onPressed: () => Navigator.of(context).pushNamed(SignUpPage.routeName),
                                            ^^^^^^^
  lib/main.dart:519:45: Error: The getter 'context' isn't defined for the type 'LandingPage'.
   - 'LandingPage' is from 'package:diary/main.dart' ('lib/main.dart').
  Try correcting the name to the name of an existing getter, or defining a getter or field named 'context'.
                onPressed: () => Navigator.of(context).pushNamed(SignUpPage.routeName),
                                              ^^^^^^^
  lib/main.dart:548:45: Error: The getter 'context' isn't defined for the type 'LandingPage'.
   - 'LandingPage' is from 'package:diary/main.dart' ('lib/main.dart').
  Try correcting the name to the name of an existing getter, or defining a getter or field named 'context'.
                onPressed: () => Navigator.of(context).pushNamed(SignInPage.routeName),
                                              ^^^^^^^
  .
00:00 +0 -2: Some tests failed.
